TASK 1
SOLUTION
pay_fees(pk_1)
commission(truck_3)
load_package(truck_3,city3_cl1,pk_1)
move(truck_3,city3_cl1,city3,city1_cl1,city1,road_route_31)
unload_package(pk_1,city1_cl1,truck_3)
deliver(pk_1,city1_cl1)
END FILE


BEGIN METHOD
tn2;
Name:transport(pk_1,city3_cl1,city1_cl1);
Pre-condition:[se(package,pk_1,[at(pk_1,city3_cl1),uncertified(pk_1)]),se(truck,truck_3,[at(truck_3,city3_cl1),moveable(truck_3),available(truck_3)])];
Temporal Constraints:[before(hp10,hp11),before(hp11,hp12)];
Decomposition:[step(hp10,pay_fees(pk_1),[se(package,pk_1,[at(pk_1,city3_cl1),uncertified(pk_1)]),se(package,pk_2,[at(pk_2,city3_cl1),uncertified(pk_2)]),se(package,pk_3,[at(pk_3,city3_cl1),uncertified(pk_3)]),se(package,pk_4,[at(pk_4,city1_cl1),uncertified(pk_4)]),se(package,pk_5,[at(pk_5,city3_cl1),uncertified(pk_5)]),se(package,pk_6,[at(pk_6,city1_ts1),uncertified(pk_6)]),se(truck,truck_1,[at(truck_1,city1_cl1),moveable(truck_1),available(truck_1)]),se(truck,truck_11,[at(truck_11,city1_cl1),moveable(truck_11),available(truck_11)]),se(truck,truck_2,[at(truck_2,city2_cl1),moveable(truck_2),available(truck_2)]),se(truck,truck_22,[at(truck_22,city2_cl1),moveable(truck_22),available(truck_22)]),se(truck,truck_3,[at(truck_3,city3_cl1),moveable(truck_3),available(truck_3)]),se(truck,truck_33,[at(truck_33,city3_cl1),moveable(truck_33),available(truck_33)]),se(traincar,traincar1,[at(traincar1,city2_ts1),unattached(traincar1),moveable(traincar1),available(traincar1)]),se(train,train2,[at(train2,city2_ts1),unattached(train2),moveable(train2),available(train2)]),se(train,train1,[at(train1,city1_ts1),unattached(train1),moveable(train1),available(train1)])],[se(package,pk_1,[at(pk_1,city3_cl1),waiting(pk_1),certified(pk_1)]),se(package,pk_2,[at(pk_2,city3_cl1),uncertified(pk_2)]),se(package,pk_3,[at(pk_3,city3_cl1),uncertified(pk_3)]),se(package,pk_4,[at(pk_4,city1_cl1),uncertified(pk_4)]),se(package,pk_5,[at(pk_5,city3_cl1),uncertified(pk_5)]),se(package,pk_6,[at(pk_6,city1_ts1),uncertified(pk_6)]),se(truck,truck_1,[at(truck_1,city1_cl1),moveable(truck_1),available(truck_1)]),se(truck,truck_11,[at(truck_11,city1_cl1),moveable(truck_11),available(truck_11)]),se(truck,truck_2,[at(truck_2,city2_cl1),moveable(truck_2),available(truck_2)]),se(truck,truck_22,[at(truck_22,city2_cl1),moveable(truck_22),available(truck_22)]),se(truck,truck_3,[at(truck_3,city3_cl1),moveable(truck_3),available(truck_3)]),se(truck,truck_33,[at(truck_33,city3_cl1),moveable(truck_33),available(truck_33)]),se(traincar,traincar1,[at(traincar1,city2_ts1),unattached(traincar1),moveable(traincar1),available(traincar1)]),se(train,train2,[at(train2,city2_ts1),unattached(train2),moveable(train2),available(train2)]),se(train,train1,[at(train1,city1_ts1),unattached(train1),moveable(train1),available(train1)])],exp(pay_fees(pk_1))),step(hp11,carry_direct(pk_1,city3_cl1,city1_cl1),[se(package,pk_1,[at(pk_1,city3_cl1),waiting(pk_1),certified(pk_1)]),se(package,pk_2,[at(pk_2,city3_cl1),uncertified(pk_2)]),se(package,pk_3,[at(pk_3,city3_cl1),uncertified(pk_3)]),se(package,pk_4,[at(pk_4,city1_cl1),uncertified(pk_4)]),se(package,pk_5,[at(pk_5,city3_cl1),uncertified(pk_5)]),se(package,pk_6,[at(pk_6,city1_ts1),uncertified(pk_6)]),se(truck,truck_1,[at(truck_1,city1_cl1),moveable(truck_1),available(truck_1)]),se(truck,truck_11,[at(truck_11,city1_cl1),moveable(truck_11),available(truck_11)]),se(truck,truck_2,[at(truck_2,city2_cl1),moveable(truck_2),available(truck_2)]),se(truck,truck_22,[at(truck_22,city2_cl1),moveable(truck_22),available(truck_22)]),se(truck,truck_3,[at(truck_3,city3_cl1),moveable(truck_3),available(truck_3)]),se(truck,truck_33,[at(truck_33,city3_cl1),moveable(truck_33),available(truck_33)]),se(traincar,traincar1,[at(traincar1,city2_ts1),unattached(traincar1),moveable(traincar1),available(traincar1)]),se(train,train2,[at(train2,city2_ts1),unattached(train2),moveable(train2),available(train2)]),se(train,train1,[at(train1,city1_ts1),unattached(train1),moveable(train1),available(train1)])],[se(package,pk_1,[at(pk_1,city1_cl1),waiting(pk_1),certified(pk_1)]),se(truck,truck_3,[at(truck_3,city1_cl1),moveable(truck_3),available(truck_3)]),se(package,pk_2,[at(pk_2,city3_cl1),uncertified(pk_2)]),se(package,pk_3,[at(pk_3,city3_cl1),uncertified(pk_3)]),se(package,pk_4,[at(pk_4,city1_cl1),uncertified(pk_4)]),se(package,pk_5,[at(pk_5,city3_cl1),uncertified(pk_5)]),se(package,pk_6,[at(pk_6,city1_ts1),uncertified(pk_6)]),se(truck,truck_1,[at(truck_1,city1_cl1),moveable(truck_1),available(truck_1)]),se(truck,truck_11,[at(truck_11,city1_cl1),moveable(truck_11),available(truck_11)]),se(truck,truck_2,[at(truck_2,city2_cl1),moveable(truck_2),available(truck_2)]),se(truck,truck_22,[at(truck_22,city2_cl1),moveable(truck_22),available(truck_22)]),se(truck,truck_33,[at(truck_33,city3_cl1),moveable(truck_33),available(truck_33)]),se(traincar,traincar1,[at(traincar1,city2_ts1),unattached(traincar1),moveable(traincar1),available(traincar1)]),se(train,train2,[at(train2,city2_ts1),unattached(train2),moveable(train2),available(train2)]),se(train,train1,[at(train1,city1_ts1),unattached(train1),moveable(train1),available(train1)])],exp(tn1)),step(hp12,deliver(pk_1,city1_cl1),[se(package,pk_1,[at(pk_1,city1_cl1),waiting(pk_1),certified(pk_1)]),se(truck,truck_3,[at(truck_3,city1_cl1),moveable(truck_3),available(truck_3)]),se(package,pk_2,[at(pk_2,city3_cl1),uncertified(pk_2)]),se(package,pk_3,[at(pk_3,city3_cl1),uncertified(pk_3)]),se(package,pk_4,[at(pk_4,city1_cl1),uncertified(pk_4)]),se(package,pk_5,[at(pk_5,city3_cl1),uncertified(pk_5)]),se(package,pk_6,[at(pk_6,city1_ts1),uncertified(pk_6)]),se(truck,truck_1,[at(truck_1,city1_cl1),moveable(truck_1),available(truck_1)]),se(truck,truck_11,[at(truck_11,city1_cl1),moveable(truck_11),available(truck_11)]),se(truck,truck_2,[at(truck_2,city2_cl1),moveable(truck_2),available(truck_2)]),se(truck,truck_22,[at(truck_22,city2_cl1),moveable(truck_22),available(truck_22)]),se(truck,truck_33,[at(truck_33,city3_cl1),moveable(truck_33),available(truck_33)]),se(traincar,traincar1,[at(traincar1,city2_ts1),unattached(traincar1),moveable(traincar1),available(traincar1)]),se(train,train2,[at(train2,city2_ts1),unattached(train2),moveable(train2),available(train2)]),se(train,train1,[at(train1,city1_ts1),unattached(train1),moveable(train1),available(train1)])],[se(package,pk_1,[at(pk_1,city1_cl1),delivered(pk_1)]),se(truck,truck_3,[at(truck_3,city1_cl1),moveable(truck_3),available(truck_3)]),se(package,pk_2,[at(pk_2,city3_cl1),uncertified(pk_2)]),se(package,pk_3,[at(pk_3,city3_cl1),uncertified(pk_3)]),se(package,pk_4,[at(pk_4,city1_cl1),uncertified(pk_4)]),se(package,pk_5,[at(pk_5,city3_cl1),uncertified(pk_5)]),se(package,pk_6,[at(pk_6,city1_ts1),uncertified(pk_6)]),se(truck,truck_1,[at(truck_1,city1_cl1),moveable(truck_1),available(truck_1)]),se(truck,truck_11,[at(truck_11,city1_cl1),moveable(truck_11),available(truck_11)]),se(truck,truck_2,[at(truck_2,city2_cl1),moveable(truck_2),available(truck_2)]),se(truck,truck_22,[at(truck_22,city2_cl1),moveable(truck_22),available(truck_22)]),se(truck,truck_33,[at(truck_33,city3_cl1),moveable(truck_33),available(truck_33)]),se(traincar,traincar1,[at(traincar1,city2_ts1),unattached(traincar1),moveable(traincar1),available(traincar1)]),se(train,train2,[at(train2,city2_ts1),unattached(train2),moveable(train2),available(train2)]),se(train,train1,[at(train1,city1_ts1),unattached(train1),moveable(train1),available(train1)])],exp(deliver(pk_1,city1_cl1)))];

BEGIN METHOD
tn1;
Name:carry_direct(pk_1,city3_cl1,city1_cl1);
Pre-condition:[se(package,pk_1,[at(pk_1,city3_cl1),waiting(pk_1),certified(pk_1)]),se(truck,truck_3,[at(truck_3,city3_cl1),moveable(truck_3),available(truck_3)])];
Temporal Constraints:[before(hp114,hp113),before(hp111,hp112),before(hp112,hp114),before(hp114,hp113)];
Decomposition:[step(hp111,commission(truck_3),[se(package,pk_1,[at(pk_1,city3_cl1),waiting(pk_1),certified(pk_1)]),se(package,pk_2,[at(pk_2,city3_cl1),uncertified(pk_2)]),se(package,pk_3,[at(pk_3,city3_cl1),uncertified(pk_3)]),se(package,pk_4,[at(pk_4,city1_cl1),uncertified(pk_4)]),se(package,pk_5,[at(pk_5,city3_cl1),uncertified(pk_5)]),se(package,pk_6,[at(pk_6,city1_ts1),uncertified(pk_6)]),se(truck,truck_1,[at(truck_1,city1_cl1),moveable(truck_1),available(truck_1)]),se(truck,truck_11,[at(truck_11,city1_cl1),moveable(truck_11),available(truck_11)]),se(truck,truck_2,[at(truck_2,city2_cl1),moveable(truck_2),available(truck_2)]),se(truck,truck_22,[at(truck_22,city2_cl1),moveable(truck_22),available(truck_22)]),se(truck,truck_3,[at(truck_3,city3_cl1),moveable(truck_3),available(truck_3)]),se(truck,truck_33,[at(truck_33,city3_cl1),moveable(truck_33),available(truck_33)]),se(traincar,traincar1,[at(traincar1,city2_ts1),unattached(traincar1),moveable(traincar1),available(traincar1)]),se(train,train2,[at(train2,city2_ts1),unattached(train2),moveable(train2),available(train2)]),se(train,train1,[at(train1,city1_ts1),unattached(train1),moveable(train1),available(train1)])],[se(truck,truck_3,[moveable(truck_3),busy(truck_3),at(truck_3,city3_cl1)]),se(package,pk_1,[at(pk_1,city3_cl1),waiting(pk_1),certified(pk_1)]),se(package,pk_2,[at(pk_2,city3_cl1),uncertified(pk_2)]),se(package,pk_3,[at(pk_3,city3_cl1),uncertified(pk_3)]),se(package,pk_4,[at(pk_4,city1_cl1),uncertified(pk_4)]),se(package,pk_5,[at(pk_5,city3_cl1),uncertified(pk_5)]),se(package,pk_6,[at(pk_6,city1_ts1),uncertified(pk_6)]),se(truck,truck_1,[at(truck_1,city1_cl1),moveable(truck_1),available(truck_1)]),se(truck,truck_11,[at(truck_11,city1_cl1),moveable(truck_11),available(truck_11)]),se(truck,truck_2,[at(truck_2,city2_cl1),moveable(truck_2),available(truck_2)]),se(truck,truck_22,[at(truck_22,city2_cl1),moveable(truck_22),available(truck_22)]),se(truck,truck_33,[at(truck_33,city3_cl1),moveable(truck_33),available(truck_33)]),se(traincar,traincar1,[at(traincar1,city2_ts1),unattached(traincar1),moveable(traincar1),available(traincar1)]),se(train,train2,[at(train2,city2_ts1),unattached(train2),moveable(train2),available(train2)]),se(train,train1,[at(train1,city1_ts1),unattached(train1),moveable(train1),available(train1)])],exp(commission(truck_3))),step(hp112,load_package(truck_3,city3_cl1,pk_1),[se(truck,truck_3,[moveable(truck_3),busy(truck_3),at(truck_3,city3_cl1)]),se(package,pk_1,[at(pk_1,city3_cl1),waiting(pk_1),certified(pk_1)]),se(package,pk_2,[at(pk_2,city3_cl1),uncertified(pk_2)]),se(package,pk_3,[at(pk_3,city3_cl1),uncertified(pk_3)]),se(package,pk_4,[at(pk_4,city1_cl1),uncertified(pk_4)]),se(package,pk_5,[at(pk_5,city3_cl1),uncertified(pk_5)]),se(package,pk_6,[at(pk_6,city1_ts1),uncertified(pk_6)]),se(truck,truck_1,[at(truck_1,city1_cl1),moveable(truck_1),available(truck_1)]),se(truck,truck_11,[at(truck_11,city1_cl1),moveable(truck_11),available(truck_11)]),se(truck,truck_2,[at(truck_2,city2_cl1),moveable(truck_2),available(truck_2)]),se(truck,truck_22,[at(truck_22,city2_cl1),moveable(truck_22),available(truck_22)]),se(truck,truck_33,[at(truck_33,city3_cl1),moveable(truck_33),available(truck_33)]),se(traincar,traincar1,[at(traincar1,city2_ts1),unattached(traincar1),moveable(traincar1),available(traincar1)]),se(train,train2,[at(train2,city2_ts1),unattached(train2),moveable(train2),available(train2)]),se(train,train1,[at(train1,city1_ts1),unattached(train1),moveable(train1),available(train1)])],[se(package,pk_1,[at(pk_1,city3_cl1),loaded(pk_1,truck_3),certified(pk_1)]),se(truck,truck_3,[moveable(truck_3),busy(truck_3),at(truck_3,city3_cl1)]),se(package,pk_2,[at(pk_2,city3_cl1),uncertified(pk_2)]),se(package,pk_3,[at(pk_3,city3_cl1),uncertified(pk_3)]),se(package,pk_4,[at(pk_4,city1_cl1),uncertified(pk_4)]),se(package,pk_5,[at(pk_5,city3_cl1),uncertified(pk_5)]),se(package,pk_6,[at(pk_6,city1_ts1),uncertified(pk_6)]),se(truck,truck_1,[at(truck_1,city1_cl1),moveable(truck_1),available(truck_1)]),se(truck,truck_11,[at(truck_11,city1_cl1),moveable(truck_11),available(truck_11)]),se(truck,truck_2,[at(truck_2,city2_cl1),moveable(truck_2),available(truck_2)]),se(truck,truck_22,[at(truck_22,city2_cl1),moveable(truck_22),available(truck_22)]),se(truck,truck_33,[at(truck_33,city3_cl1),moveable(truck_33),available(truck_33)]),se(traincar,traincar1,[at(traincar1,city2_ts1),unattached(traincar1),moveable(traincar1),available(traincar1)]),se(train,train2,[at(train2,city2_ts1),unattached(train2),moveable(train2),available(train2)]),se(train,train1,[at(train1,city1_ts1),unattached(train1),moveable(train1),available(train1)])],exp(load_package(truck_3,city3_cl1,pk_1))),step(hp114,move(truck_3,city3_cl1,city3,city1_cl1,city1,road_route_31),[se(package,pk_1,[at(pk_1,city3_cl1),loaded(pk_1,truck_3),certified(pk_1)]),se(truck,truck_3,[moveable(truck_3),busy(truck_3),at(truck_3,city3_cl1)]),se(package,pk_2,[at(pk_2,city3_cl1),uncertified(pk_2)]),se(package,pk_3,[at(pk_3,city3_cl1),uncertified(pk_3)]),se(package,pk_4,[at(pk_4,city1_cl1),uncertified(pk_4)]),se(package,pk_5,[at(pk_5,city3_cl1),uncertified(pk_5)]),se(package,pk_6,[at(pk_6,city1_ts1),uncertified(pk_6)]),se(truck,truck_1,[at(truck_1,city1_cl1),moveable(truck_1),available(truck_1)]),se(truck,truck_11,[at(truck_11,city1_cl1),moveable(truck_11),available(truck_11)]),se(truck,truck_2,[at(truck_2,city2_cl1),moveable(truck_2),available(truck_2)]),se(truck,truck_22,[at(truck_22,city2_cl1),moveable(truck_22),available(truck_22)]),se(truck,truck_33,[at(truck_33,city3_cl1),moveable(truck_33),available(truck_33)]),se(traincar,traincar1,[at(traincar1,city2_ts1),unattached(traincar1),moveable(traincar1),available(traincar1)]),se(train,train2,[at(train2,city2_ts1),unattached(train2),moveable(train2),available(train2)]),se(train,train1,[at(train1,city1_ts1),unattached(train1),moveable(train1),available(train1)])],[se(truck,truck_3,[at(truck_3,city1_cl1)]),se(package,pk_1,[at(pk_1,city1_cl1),loaded(pk_1,truck_3),certified(pk_1)]),se(package,pk_2,[at(pk_2,city3_cl1),uncertified(pk_2)]),se(package,pk_3,[at(pk_3,city3_cl1),uncertified(pk_3)]),se(package,pk_4,[at(pk_4,city1_cl1),uncertified(pk_4)]),se(package,pk_5,[at(pk_5,city3_cl1),uncertified(pk_5)]),se(package,pk_6,[at(pk_6,city1_ts1),uncertified(pk_6)]),se(truck,truck_1,[at(truck_1,city1_cl1),moveable(truck_1),available(truck_1)]),se(truck,truck_11,[at(truck_11,city1_cl1),moveable(truck_11),available(truck_11)]),se(truck,truck_2,[at(truck_2,city2_cl1),moveable(truck_2),available(truck_2)]),se(truck,truck_22,[at(truck_22,city2_cl1),moveable(truck_22),available(truck_22)]),se(truck,truck_33,[at(truck_33,city3_cl1),moveable(truck_33),available(truck_33)]),se(traincar,traincar1,[at(traincar1,city2_ts1),unattached(traincar1),moveable(traincar1),available(traincar1)]),se(train,train2,[at(train2,city2_ts1),unattached(train2),moveable(train2),available(train2)]),se(train,train1,[at(train1,city1_ts1),unattached(train1),moveable(train1),available(train1)])],exp(move(truck_3,city3_cl1,city3,city1_cl1,city1,road_route_31))),step(hp113,unload_package(pk_1,city1_cl1,truck_3),[se(truck,truck_3,[at(truck_3,city1_cl1)]),se(package,pk_1,[at(pk_1,city1_cl1),loaded(pk_1,truck_3),certified(pk_1)]),se(package,pk_2,[at(pk_2,city3_cl1),uncertified(pk_2)]),se(package,pk_3,[at(pk_3,city3_cl1),uncertified(pk_3)]),se(package,pk_4,[at(pk_4,city1_cl1),uncertified(pk_4)]),se(package,pk_5,[at(pk_5,city3_cl1),uncertified(pk_5)]),se(package,pk_6,[at(pk_6,city1_ts1),uncertified(pk_6)]),se(truck,truck_1,[at(truck_1,city1_cl1),moveable(truck_1),available(truck_1)]),se(truck,truck_11,[at(truck_11,city1_cl1),moveable(truck_11),available(truck_11)]),se(truck,truck_2,[at(truck_2,city2_cl1),moveable(truck_2),available(truck_2)]),se(truck,truck_22,[at(truck_22,city2_cl1),moveable(truck_22),available(truck_22)]),se(truck,truck_33,[at(truck_33,city3_cl1),moveable(truck_33),available(truck_33)]),se(traincar,traincar1,[at(traincar1,city2_ts1),unattached(traincar1),moveable(traincar1),available(traincar1)]),se(train,train2,[at(train2,city2_ts1),unattached(train2),moveable(train2),available(train2)]),se(train,train1,[at(train1,city1_ts1),unattached(train1),moveable(train1),available(train1)])],[se(package,pk_1,[at(pk_1,city1_cl1),waiting(pk_1),certified(pk_1)]),se(truck,truck_3,[at(truck_3,city1_cl1),moveable(truck_3),available(truck_3)]),se(package,pk_2,[at(pk_2,city3_cl1),uncertified(pk_2)]),se(package,pk_3,[at(pk_3,city3_cl1),uncertified(pk_3)]),se(package,pk_4,[at(pk_4,city1_cl1),uncertified(pk_4)]),se(package,pk_5,[at(pk_5,city3_cl1),uncertified(pk_5)]),se(package,pk_6,[at(pk_6,city1_ts1),uncertified(pk_6)]),se(truck,truck_1,[at(truck_1,city1_cl1),moveable(truck_1),available(truck_1)]),se(truck,truck_11,[at(truck_11,city1_cl1),moveable(truck_11),available(truck_11)]),se(truck,truck_2,[at(truck_2,city2_cl1),moveable(truck_2),available(truck_2)]),se(truck,truck_22,[at(truck_22,city2_cl1),moveable(truck_22),available(truck_22)]),se(truck,truck_33,[at(truck_33,city3_cl1),moveable(truck_33),available(truck_33)]),se(traincar,traincar1,[at(traincar1,city2_ts1),unattached(traincar1),moveable(traincar1),available(traincar1)]),se(train,train2,[at(train2,city2_ts1),unattached(train2),moveable(train2),available(train2)]),se(train,train1,[at(train1,city1_ts1),unattached(train1),moveable(train1),available(train1)])],exp(unload_package(pk_1,city1_cl1,truck_3)))];
END PLANNER RESULT